tokens = [Ident("x"), SemiColon]
sc_defs = [
    Supercombinator {
        name: "x",
        args: [],
        body: Err @ [dummy],
    },
]
diags = [
    ParseDiagnostic {
        kind: UnexpectedToken {
            expected: [
                Ident,
                Equal,
            ],
            found: SemiColon,
        },
        span: [dummy],
    },
]
