tokens = [
    Ident(
        "x",
    ),
    Equal,
    Ident(
        "x",
    ),
    SemiColon,
    Ident(
        "y",
    ),
    Equal,
    Ident(
        "y",
    ),
    SemiColon,
    Ident(
        "z",
    ),
    Equal,
    Ident(
        "z",
    ),
    SemiColon,
]
sc_defs = [
    Supercombinator {
        name: "x",
        args: [],
        body: Var(
            "x",
        ) @ [dummy],
    },
    Supercombinator {
        name: "y",
        args: [],
        body: Var(
            "y",
        ) @ [dummy],
    },
    Supercombinator {
        name: "z",
        args: [],
        body: Var(
            "z",
        ) @ [dummy],
    },
]
diags = []
